2026-02-18 16:59:58 [ERROR] main: config.json  [telegram][bot_token] is not set — please fill it in.
2026-02-18 17:00:44 [INFO] main: ============================================================
2026-02-18 17:00:44 [INFO] main:   Binance Futures Volume Scanner  —  starting
2026-02-18 17:00:44 [INFO] main: ============================================================
2026-02-18 17:00:54 [ERROR] notifier: Telegram validation error: HTTPSConnectionPool(host='api.telegram.org', port=443): Max retries exceeded with url: /bot8377241131:AAHypSbbA9ZxITGgCefr-ORutOdfwseoKrY/getMe (Caused by ConnectTimeoutError(<HTTPSConnection(host='api.telegram.org', port=443) at 0x2d25c859d00>, 'Connection to api.telegram.org timed out. (connect timeout=10)'))
2026-02-18 17:00:54 [ERROR] scanner: Telegram validation failed — aborting.
2026-02-18 17:01:45 [INFO] main: ============================================================
2026-02-18 17:01:45 [INFO] main:   Binance Futures Volume Scanner  —  starting
2026-02-18 17:01:45 [INFO] main: ============================================================
2026-02-18 17:01:50 [INFO] notifier: Telegram bot validated: @BinanceCoinsVolumeScanner_Bot
2026-02-18 17:01:51 [ERROR] notifier: Telegram error: {'ok': False, 'error_code': 400, 'description': 'Bad Request: chat not found'}
2026-02-18 17:01:51 [INFO] scanner: Scanner loop started  (interval 900s, need 21 candles/symbol, cooldown 12.0h)
2026-02-18 17:01:53 [INFO] binance_client: Loaded 541 USDT perpetual symbols from exchange info
2026-02-18 17:01:54 [INFO] market_cap: Refreshing market-cap cache from CoinGecko …
2026-02-18 17:02:00 [INFO] main: Received signal 2 — shutting down …
2026-02-18 17:02:01 [INFO] main: Received signal 2 — shutting down …
2026-02-18 17:02:01 [INFO] main: Received signal 2 — shutting down …
2026-02-18 17:02:01 [INFO] main: Received signal 2 — shutting down …
2026-02-18 17:02:01 [INFO] main: Received signal 2 — shutting down …
2026-02-18 17:02:01 [INFO] main: Received signal 2 — shutting down …
2026-02-18 17:02:02 [INFO] main: Received signal 2 — shutting down …
2026-02-18 17:02:02 [INFO] main: Received signal 2 — shutting down …
2026-02-18 17:02:03 [INFO] main: Received signal 2 — shutting down …
2026-02-18 17:02:15 [WARNING] market_cap: CoinGecko 429 — waiting 60s
2026-02-18 17:02:28 [INFO] main: Received signal 2 — shutting down …
2026-02-18 17:02:29 [INFO] main: Received signal 2 — shutting down …
2026-02-18 17:02:29 [INFO] main: Received signal 2 — shutting down …
2026-02-18 17:02:29 [INFO] main: Received signal 2 — shutting down …
2026-02-18 17:02:29 [INFO] main: Received signal 2 — shutting down …
2026-02-18 17:02:29 [INFO] main: Received signal 2 — shutting down …
2026-02-18 17:02:29 [INFO] main: Received signal 2 — shutting down …
2026-02-18 17:02:29 [INFO] main: Received signal 2 — shutting down …
2026-02-18 17:02:29 [INFO] main: Received signal 2 — shutting down …
2026-02-18 17:02:29 [INFO] main: Received signal 2 — shutting down …
2026-02-18 17:02:29 [INFO] main: Received signal 2 — shutting down …
2026-02-18 17:02:29 [INFO] main: Received signal 2 — shutting down …
2026-02-18 17:02:29 [INFO] main: Received signal 2 — shutting down …
2026-02-18 17:02:29 [INFO] main: Received signal 2 — shutting down …
2026-02-18 17:02:30 [INFO] main: Received signal 2 — shutting down …
2026-02-18 17:02:30 [INFO] main: Received signal 2 — shutting down …
2026-02-18 17:02:30 [INFO] main: Received signal 2 — shutting down …
2026-02-18 17:02:30 [INFO] main: Received signal 2 — shutting down …
2026-02-18 17:02:30 [INFO] main: Received signal 2 — shutting down …
2026-02-18 17:02:30 [INFO] main: Received signal 2 — shutting down …
2026-02-18 17:02:30 [INFO] main: Received signal 2 — shutting down …
2026-02-18 17:02:30 [INFO] main: Received signal 2 — shutting down …
2026-02-18 17:02:30 [INFO] main: Received signal 2 — shutting down …
2026-02-18 17:02:30 [INFO] main: Received signal 2 — shutting down …
2026-02-18 17:02:30 [INFO] main: Received signal 2 — shutting down …
2026-02-18 17:02:30 [INFO] main: Received signal 2 — shutting down …
2026-02-18 17:02:30 [INFO] main: Received signal 2 — shutting down …
2026-02-18 17:02:42 [INFO] main: ============================================================
2026-02-18 17:02:42 [INFO] main:   Binance Futures Volume Scanner  —  starting
2026-02-18 17:02:42 [INFO] main: ============================================================
2026-02-18 17:02:44 [INFO] notifier: Telegram bot validated: @BinanceCoinsVolumeScanner_Bot
2026-02-18 17:02:44 [INFO] scanner: Scanner loop started  (interval 900s, need 21 candles/symbol, cooldown 12.0h)
2026-02-18 17:02:47 [INFO] binance_client: Loaded 541 USDT perpetual symbols from exchange info
2026-02-18 17:02:47 [INFO] market_cap: Refreshing market-cap cache from CoinGecko …
2026-02-18 17:02:48 [WARNING] market_cap: CoinGecko 429 — waiting 27s
2026-02-18 17:03:15 [WARNING] market_cap: CoinGecko 429 — waiting 0s
2026-02-18 17:03:16 [WARNING] market_cap: CoinGecko 429 — waiting 0s
2026-02-18 17:03:19 [WARNING] market_cap: CoinGecko 429 — waiting 60s
2026-02-18 17:04:19 [WARNING] market_cap: CoinGecko 429 — waiting 0s
2026-02-18 17:04:19 [WARNING] market_cap: CoinGecko 429 — waiting 0s
2026-02-18 17:04:20 [WARNING] market_cap: CoinGecko 429 — waiting 0s
2026-02-18 17:04:26 [INFO] main: Received signal 2 — shutting down …
2026-02-18 17:04:26 [INFO] main: Received signal 2 — shutting down …
2026-02-18 17:04:27 [INFO] main: Received signal 2 — shutting down …
2026-02-18 17:04:27 [INFO] main: Received signal 2 — shutting down …
2026-02-18 17:04:28 [WARNING] market_cap: CoinGecko 429 — waiting 60s
2026-02-18 17:05:28 [WARNING] market_cap: CoinGecko 429 — waiting 0s
2026-02-18 17:05:28 [WARNING] market_cap: CoinGecko 429 — waiting 0s
2026-02-18 17:05:34 [WARNING] market_cap: CoinGecko 429 — waiting 60s
2026-02-18 17:06:35 [WARNING] market_cap: CoinGecko 429 — waiting 0s
2026-02-18 17:06:44 [WARNING] market_cap: CoinGecko 429 — waiting 60s
2026-02-18 17:07:55 [WARNING] market_cap: CoinGecko 429 — waiting 60s
2026-02-18 17:09:08 [WARNING] market_cap: CoinGecko 429 — waiting 60s
2026-02-18 17:09:42 [INFO] main: ============================================================
2026-02-18 17:09:42 [INFO] main:   Binance Futures Volume Scanner  —  starting
2026-02-18 17:09:42 [INFO] main: ============================================================
2026-02-18 17:09:44 [INFO] notifier: Telegram bot validated: @BinanceCoinsVolumeScanner_Bot
2026-02-18 17:09:44 [INFO] scanner: Scanner loop started  (interval 900s, need 21 candles/symbol, cooldown 12.0h)
2026-02-18 17:09:47 [INFO] binance_client: Loaded 541 USDT perpetual symbols from exchange info
2026-02-18 17:09:47 [INFO] market_cap: Refreshing market-cap cache from CoinGecko …
2026-02-18 17:09:48 [WARNING] market_cap: CoinGecko 429 on page 1 — waiting 50s (attempt 1/3)
2026-02-18 17:10:04 [INFO] main: Received signal 2 — shutting down …
2026-02-18 17:19:07 [INFO] main: ============================================================
2026-02-18 17:19:07 [INFO] main:   Binance Futures Volume Scanner  —  starting
2026-02-18 17:19:07 [INFO] main: ============================================================
2026-02-18 17:19:18 [ERROR] notifier: Telegram validation error: HTTPSConnectionPool(host='api.telegram.org', port=443): Max retries exceeded with url: /bot8377241131:AAHypSbbA9ZxITGgCefr-ORutOdfwseoKrY/getMe (Caused by ConnectTimeoutError(<urllib3.connection.HTTPSConnection object at 0x000001AD5C9A1F70>, 'Connection to api.telegram.org timed out. (connect timeout=10)'))
2026-02-18 17:19:18 [ERROR] scanner: Telegram validation failed — aborting.
2026-03-08 19:03:08 [INFO] main: ============================================================
2026-03-08 19:03:08 [INFO] main:   Binance Futures Volume Scanner  —  starting
2026-03-08 19:03:08 [INFO] main: ============================================================
2026-03-08 19:03:09 [INFO] notifier: Telegram bot validated: @BinanceCoinsVolumeScanner_Bot
2026-03-08 19:03:09 [INFO] tracker: Tracker initialised  (max_age=72h, update=300s, TP targets=[3, 5, 10, 15, 20], reversal=True)
2026-03-08 19:03:09 [INFO] tracker: Tracker background loop started (every 300s)
2026-03-08 19:03:09 [INFO] bot_commands: Telegram command listener started
2026-03-08 19:03:09 [INFO] main: Tracker + command listener started
2026-03-08 19:03:09 [INFO] scanner: Scanner loop started  (interval 900s, need 21 candles/symbol, cooldown 12.0h)
2026-03-08 19:03:09 [INFO] binance_client: Loaded 544 USDT perpetual symbols from exchange info
2026-03-08 19:03:10 [INFO] market_cap: Refreshing market-cap cache from CoinGecko …
2026-03-08 19:06:54 [INFO] market_cap: Market-cap cache updated: 2822 coins loaded (12 pages in ~240s)
2026-03-08 19:06:54 [INFO] scanner: Targets: 488 / 544  (mcap ≤ $500M, 2 excluded, 0 on cooldown)
2026-03-08 19:07:02 [INFO] scanner: SKLUSDT  volume spike 24.15x
2026-03-08 19:08:05 [INFO] scanner: BABYUSDT  volume spike 7.75x
2026-03-08 19:08:05 [INFO] scanner: BABYUSDT  candle OK — GREEN body:71% wick:16% trend:4/5
2026-03-08 19:08:05 [INFO] scanner: BABYUSDT  breakout confirmed +4.29% above 0.015160
2026-03-08 19:08:05 [INFO] scanner: BABYUSDT  OI +146.31%
2026-03-08 19:08:05 [INFO] tracker: Tracker: recorded BABYUSDT @ $0.01583000
2026-03-08 19:08:05 [INFO] scanner: 🚨  ALERT  BABYUSDT  vol=7.75x  GREEN  body:71%  wick:16%  brk:4.287598944591037  oi:146.31190626632596  trend:4/5
2026-03-08 19:08:06 [INFO] scanner: STOUSDT  volume spike 3.26x
2026-03-08 19:08:18 [INFO] scanner: ICNTUSDT  volume spike 3.11x
2026-03-08 19:08:22 [INFO] scanner: PLAYUSDT  volume spike 6.73x
2026-03-08 19:08:30 [INFO] scanner: TRADOORUSDT  volume spike 8.70x
2026-03-08 19:08:31 [INFO] scanner: COAIUSDT  volume spike 3.08x
2026-03-08 19:08:49 [INFO] scanner: Alerts sent this cycle: 1
2026-03-08 19:08:49 [INFO] scanner: Cycle finished in 340.4s
2026-03-08 19:18:10 [INFO] binance_client: Loaded 544 USDT perpetual symbols from exchange info
2026-03-08 19:18:10 [INFO] scanner: Targets: 488 / 544  (mcap ≤ $500M, 2 excluded, 1 on cooldown)
2026-03-08 19:18:18 [INFO] scanner: SKLUSDT  volume spike 24.15x
2026-03-08 19:19:21 [INFO] scanner: STOUSDT  volume spike 3.26x
2026-03-08 19:19:33 [INFO] scanner: ICNTUSDT  volume spike 3.11x
2026-03-08 19:19:38 [INFO] scanner: PLAYUSDT  volume spike 6.73x
2026-03-08 19:19:46 [INFO] scanner: TRADOORUSDT  volume spike 8.70x
2026-03-08 19:19:46 [INFO] scanner: COAIUSDT  volume spike 3.08x
2026-03-08 19:20:05 [INFO] scanner: Cycle finished in 116.4s
2026-03-08 19:33:09 [INFO] binance_client: Loaded 544 USDT perpetual symbols from exchange info
2026-03-08 19:33:10 [INFO] scanner: Targets: 488 / 544  (mcap ≤ $500M, 2 excluded, 1 on cooldown)
2026-03-08 19:33:18 [INFO] scanner: SKLUSDT  volume spike 24.15x
2026-03-08 19:34:21 [INFO] scanner: STOUSDT  volume spike 3.26x
2026-03-08 19:34:33 [INFO] scanner: ICNTUSDT  volume spike 3.11x
2026-03-08 19:34:37 [INFO] scanner: PLAYUSDT  volume spike 6.73x
2026-03-08 19:34:45 [INFO] scanner: TRADOORUSDT  volume spike 8.70x
2026-03-08 19:34:46 [INFO] scanner: COAIUSDT  volume spike 3.08x
2026-03-08 19:35:05 [INFO] scanner: Cycle finished in 116.3s
2026-03-08 19:37:10 [INFO] main: Received signal 15 — shutting down …
2026-03-08 19:37:11 [INFO] main: Shutdown complete.
2026-03-08 19:37:12 [INFO] main: ============================================================
2026-03-08 19:37:12 [INFO] main:   Binance Futures Volume Scanner  —  starting
2026-03-08 19:37:12 [INFO] main: ============================================================
2026-03-08 19:37:12 [INFO] notifier: Telegram bot validated: @BinanceCoinsVolumeScanner_Bot
2026-03-08 19:37:12 [INFO] tracker: Tracker initialised  (max_age=168h, update=300s, TP targets=[5, 10, 15, 20], reversal=True)
2026-03-08 19:37:12 [INFO] tracker: Tracker background loop started (every 300s)
2026-03-08 19:37:12 [INFO] bot_commands: Telegram command listener started
2026-03-08 19:37:12 [INFO] main: Tracker + command listener started
2026-03-08 19:37:12 [INFO] scanner: Scanner loop started  (interval 900s, need 21 candles/symbol, cooldown 12.0h)
2026-03-08 19:37:13 [INFO] binance_client: Loaded 544 USDT perpetual symbols from exchange info
2026-03-08 19:37:13 [INFO] market_cap: Refreshing market-cap cache from CoinGecko …
2026-03-08 19:38:44 [WARNING] market_cap: CoinGecko timeout on page 4
2026-03-08 19:41:34 [INFO] main: Received signal 15 — shutting down …
2026-03-08 19:41:37 [INFO] market_cap: Market-cap cache updated: 2821 coins loaded (12 pages in ~240s)
2026-03-08 19:41:37 [INFO] scanner: Targets: 503 / 544  (mcap ≤ $1000M, 2 excluded, 0 on cooldown)
2026-03-08 19:41:37 [INFO] scanner: Cycle finished in 264.6s
2026-03-08 19:41:37 [INFO] main: Shutdown complete.
2026-03-08 19:44:55 [INFO] main: ============================================================
2026-03-08 19:44:55 [INFO] main:   Binance Futures Volume Scanner  —  starting
2026-03-08 19:44:55 [INFO] main: ============================================================
2026-03-08 19:44:56 [INFO] notifier: Telegram bot validated: @BinanceCoinsVolumeScanner_Bot
2026-03-08 19:44:56 [INFO] tracker: Tracker initialised  (max_age=168h, update=300s, TP targets=[5, 10, 15, 20], reversal=True)
2026-03-08 19:44:56 [INFO] tracker: Tracker background loop started (every 300s)
2026-03-08 19:44:56 [INFO] bot_commands: Telegram command listener started
2026-03-08 19:44:56 [INFO] main: Tracker + command listener started
2026-03-08 19:44:56 [INFO] scanner: Scanner loop started  (interval 900s, need 21 candles/symbol, cooldown 12.0h)
2026-03-08 19:44:56 [INFO] binance_client: Loaded 544 USDT perpetual symbols from exchange info
2026-03-08 19:44:57 [INFO] market_cap: Refreshing market-cap cache from CoinGecko …
2026-03-08 19:48:41 [INFO] market_cap: Market-cap cache updated: 2822 coins loaded (12 pages in ~240s)
2026-03-08 19:48:41 [INFO] scanner: Targets: 503 / 544  (mcap ≤ $1000M, 2 excluded, 0 on cooldown)
2026-03-08 19:48:49 [INFO] scanner: SKLUSDT  volume spike 29.13x (RVOL)  24h chg: 6.5%
2026-03-08 19:49:27 [INFO] main: Received signal 15 — shutting down …
2026-03-08 19:49:27 [INFO] scanner: Cycle finished in 271.2s
2026-03-08 19:49:27 [INFO] main: Shutdown complete.
2026-03-08 19:56:14 [INFO] main: ============================================================
2026-03-08 19:56:14 [INFO] main:   Binance Futures Volume Scanner  —  starting
2026-03-08 19:56:14 [INFO] main: ============================================================
2026-03-08 19:56:15 [INFO] notifier: Telegram bot validated: @BinanceCoinsVolumeScanner_Bot
2026-03-08 19:56:15 [INFO] tracker: Tracker initialised  (max_age=168h, update=300s, TP targets=[5, 10, 15, 20], reversal=True)
2026-03-08 19:56:15 [INFO] tracker: Tracker background loop started (every 300s)
2026-03-08 19:56:15 [INFO] bot_commands: Telegram command listener started
2026-03-08 19:56:15 [INFO] main: Tracker + command listener started
2026-03-08 19:56:15 [INFO] scanner: Scanner loop started  (interval 900s, need 21 candles/symbol, cooldown 12.0h)
2026-03-08 19:56:15 [INFO] binance_client: Loaded 544 USDT perpetual symbols from exchange info
2026-03-08 19:56:16 [INFO] market_cap: Refreshing market-cap cache from CoinGecko …
2026-03-08 19:59:59 [WARNING] market_cap: CoinGecko 429 on page 12 — waiting 120s (attempt 1/3)
2026-03-08 20:00:13 [INFO] main: Received signal 15 — shutting down …
2026-03-08 20:00:16 [INFO] main: ============================================================
2026-03-08 20:00:16 [INFO] main:   Binance Futures Volume Scanner  —  starting
2026-03-08 20:00:16 [INFO] main: ============================================================
2026-03-08 20:00:17 [INFO] notifier: Telegram bot validated: @BinanceCoinsVolumeScanner_Bot
2026-03-08 20:00:17 [INFO] tracker: Tracker initialised  (max_age=168h, update=300s, TP targets=[5, 10, 15, 20], reversal=True)
2026-03-08 20:00:17 [INFO] tracker: Tracker background loop started (every 300s)
2026-03-08 20:00:17 [INFO] bot_commands: Telegram command listener started
2026-03-08 20:00:17 [INFO] main: Tracker + command listener started
2026-03-08 20:00:17 [INFO] scanner: Scanner loop started  (interval 900s, need 21 candles/symbol, cooldown 12.0h)
2026-03-08 20:00:17 [INFO] binance_client: Loaded 544 USDT perpetual symbols from exchange info
2026-03-08 20:00:18 [INFO] market_cap: Refreshing market-cap cache from CoinGecko …
2026-03-08 20:03:49 [INFO] main: Received signal 15 — shutting down …
2026-03-08 20:03:50 [INFO] main: Received signal 15 — shutting down …
2026-03-08 20:03:52 [INFO] main: ============================================================
2026-03-08 20:03:52 [INFO] main:   Binance Futures Volume Scanner  —  starting
2026-03-08 20:03:52 [INFO] main: ============================================================
2026-03-08 20:03:52 [INFO] binance_client: Proxy configured: http://ombqfuwr:k6mr1wnkkbcs@194.39.32.164:6461
2026-03-08 20:03:53 [INFO] notifier: Telegram bot validated: @BinanceCoinsVolumeScanner_Bot
2026-03-08 20:03:53 [INFO] tracker: Tracker initialised  (max_age=168h, update=300s, TP targets=[5, 10, 15, 20], reversal=True)
2026-03-08 20:03:53 [INFO] tracker: Tracker background loop started (every 300s)
2026-03-08 20:03:53 [INFO] bot_commands: Telegram command listener started
2026-03-08 20:03:53 [INFO] main: Tracker + command listener started
2026-03-08 20:03:53 [INFO] scanner: Scanner loop started  (interval 900s, need 21 candles/symbol, cooldown 12.0h)
2026-03-08 20:03:53 [INFO] main: ============================================================
2026-03-08 20:03:53 [INFO] main:   Binance Futures Volume Scanner  —  starting
2026-03-08 20:03:53 [INFO] main: ============================================================
2026-03-08 20:03:53 [INFO] binance_client: Proxy configured: http://ombqfuwr:k6mr1wnkkbcs@194.39.32.164:6461
2026-03-08 20:03:54 [INFO] notifier: Telegram bot validated: @BinanceCoinsVolumeScanner_Bot
2026-03-08 20:03:54 [INFO] tracker: Tracker initialised  (max_age=168h, update=300s, TP targets=[5, 10, 15, 20], reversal=True)
2026-03-08 20:03:54 [INFO] tracker: Tracker background loop started (every 300s)
2026-03-08 20:03:54 [INFO] bot_commands: Telegram command listener started
2026-03-08 20:03:54 [INFO] main: Tracker + command listener started
2026-03-08 20:03:54 [INFO] scanner: Scanner loop started  (interval 900s, need 21 candles/symbol, cooldown 12.0h)
2026-03-08 20:03:55 [INFO] binance_client: Loaded 544 USDT perpetual symbols from exchange info
2026-03-08 20:03:56 [INFO] binance_client: Loaded 544 USDT perpetual symbols from exchange info
2026-03-08 20:03:57 [INFO] market_cap: Refreshing market-cap cache from CoinGecko …
2026-03-08 20:03:57 [WARNING] market_cap: CoinGecko 429 on page 1 — waiting 90s (attempt 1/3)
2026-03-08 20:03:58 [INFO] market_cap: Refreshing market-cap cache from CoinGecko …
2026-03-08 20:03:58 [WARNING] market_cap: CoinGecko 429 on page 1 — waiting 89s (attempt 1/3)
2026-03-08 20:04:21 [INFO] main: Received signal 15 — shutting down …
2026-03-08 20:04:27 [INFO] main: Received signal 15 — shutting down …
2026-03-08 20:04:30 [INFO] main: Received signal 15 — shutting down …
2026-03-08 20:05:06 [INFO] main: ============================================================
2026-03-08 20:05:06 [INFO] main:   Binance Futures Volume Scanner  —  starting
2026-03-08 20:05:06 [INFO] main: ============================================================
2026-03-08 20:05:06 [INFO] binance_client: Proxy configured: http://ombqfuwr:k6mr1wnkkbcs@194.39.32.164:6461
2026-03-08 20:05:07 [INFO] notifier: Telegram bot validated: @BinanceCoinsVolumeScanner_Bot
2026-03-08 20:05:07 [INFO] tracker: Tracker initialised  (max_age=168h, update=300s, TP targets=[5, 10, 15, 20], reversal=True)
2026-03-08 20:05:07 [INFO] tracker: Tracker background loop started (every 300s)
2026-03-08 20:05:07 [INFO] bot_commands: Telegram command listener started
2026-03-08 20:05:07 [INFO] main: Tracker + command listener started
2026-03-08 20:05:07 [INFO] scanner: Scanner loop started  (interval 900s, need 21 candles/symbol, cooldown 12.0h)
2026-03-08 20:05:08 [INFO] binance_client: Loaded 544 USDT perpetual symbols from exchange info
2026-03-08 20:05:10 [INFO] market_cap: Refreshing market-cap cache from CoinGecko …
2026-03-08 20:05:47 [INFO] main: Received signal 15 — shutting down …
2026-03-08 20:11:27 [INFO] main: ============================================================
2026-03-08 20:11:27 [INFO] main:   Binance Futures Volume Scanner  —  starting
2026-03-08 20:11:27 [INFO] main: ============================================================
2026-03-08 20:11:27 [INFO] main: Health check server started on port 8080
2026-03-08 20:11:27 [INFO] binance_client: Proxy configured: http://ombqfuwr:k6mr1wnkkbcs@194.39.32.164:6461
2026-03-08 20:11:28 [INFO] notifier: Telegram bot validated: @BinanceCoinsVolumeScanner_Bot
2026-03-08 20:11:28 [INFO] tracker: Tracker initialised  (max_age=168h, update=300s, TP targets=[5, 10, 15, 20], reversal=True)
2026-03-08 20:11:28 [INFO] tracker: Tracker background loop started (every 300s)
2026-03-08 20:11:28 [INFO] bot_commands: Telegram command listener started
2026-03-08 20:11:28 [INFO] main: Tracker + command listener started
2026-03-08 20:11:28 [INFO] scanner: Scanner loop started  (interval 900s, need 21 candles/symbol, cooldown 12.0h)
2026-03-08 20:11:29 [INFO] binance_client: Loaded 544 USDT perpetual symbols from exchange info
2026-03-08 20:11:31 [INFO] market_cap: Refreshing market-cap cache from CoinGecko …
2026-03-08 20:13:35 [INFO] main: Received signal 15 — shutting down …
2026-03-08 20:14:20 [INFO] main: ============================================================
2026-03-08 20:14:20 [INFO] main:   Binance Futures Volume Scanner  —  starting
2026-03-08 20:14:20 [INFO] main: ============================================================
2026-03-08 20:14:20 [INFO] main: Health check server started on port 8080
2026-03-08 20:14:20 [INFO] binance_client: Proxy configured: http://ombqfuwr:k6mr1wnkkbcs@194.39.32.164:6461
2026-03-08 20:14:21 [INFO] notifier: Telegram bot validated: @BinanceCoinsVolumeScanner_Bot
2026-03-08 20:14:21 [INFO] tracker: Tracker initialised  (max_age=168h, update=300s, TP targets=[5, 10, 15, 20], reversal=True)
2026-03-08 20:14:21 [INFO] tracker: Tracker background loop started (every 300s)
2026-03-08 20:14:21 [INFO] bot_commands: Telegram command listener started
2026-03-08 20:14:21 [INFO] main: Tracker + command listener started
2026-03-08 20:14:21 [INFO] scanner: Scanner loop started  (interval 900s, need 21 candles/symbol, cooldown 12.0h)
2026-03-08 20:14:23 [INFO] binance_client: Loaded 544 USDT perpetual symbols from exchange info
2026-03-08 20:14:24 [INFO] market_cap: Refreshing market-cap cache from CoinGecko …
2026-03-08 20:18:08 [INFO] market_cap: Market-cap cache updated: 2821 coins loaded (12 pages in ~240s)
2026-03-08 20:18:08 [INFO] scanner: Targets: 503 / 544  (mcap ≤ $1000M, 2 excluded, 0 on cooldown)
2026-03-08 20:22:47 [INFO] scanner: Cycle finished in 505.6s
2026-03-08 20:29:23 [INFO] binance_client: Loaded 544 USDT perpetual symbols from exchange info
2026-03-08 20:29:25 [INFO] scanner: Targets: 503 / 544  (mcap ≤ $1000M, 2 excluded, 0 on cooldown)
2026-03-08 20:34:16 [INFO] scanner: Cycle finished in 294.8s
2026-03-08 20:44:23 [INFO] binance_client: Loaded 544 USDT perpetual symbols from exchange info
2026-03-08 20:44:25 [INFO] scanner: Targets: 503 / 544  (mcap ≤ $1000M, 2 excluded, 0 on cooldown)
2026-03-08 20:49:02 [INFO] scanner: Cycle finished in 281.0s
2026-03-08 20:59:23 [INFO] binance_client: Loaded 544 USDT perpetual symbols from exchange info
2026-03-08 20:59:24 [INFO] scanner: Targets: 503 / 544  (mcap ≤ $1000M, 2 excluded, 0 on cooldown)
2026-03-08 21:03:35 [INFO] scanner: STABLEUSDT  volume spike 7.82x (RVOL)  24h chg: -5.8%
2026-03-08 21:03:58 [INFO] scanner: Cycle finished in 277.3s
2026-03-08 21:07:18 [INFO] main: Received signal 15 — shutting down …
2026-03-08 21:07:19 [INFO] main: Shutdown complete.
2026-03-08 21:35:39 [INFO] main: ============================================================
2026-03-08 21:35:39 [INFO] main:   Binance Futures Volume Scanner  —  starting
2026-03-08 21:35:39 [INFO] main: ============================================================
2026-03-08 21:35:39 [INFO] main: Health check server started on port 8080
2026-03-08 21:35:39 [INFO] binance_client: Proxy configured: http://ombqfuwr:k6mr1wnkkbcs@194.39.32.164:6461
2026-03-08 21:35:40 [INFO] notifier: Telegram bot validated: @BinanceCoinsVolumeScanner_Bot
2026-03-08 21:35:40 [INFO] tracker: Tracker initialised  (max_age=168h, update=300s, TP targets=[5, 10, 15, 20], reversal=True)
2026-03-08 21:35:40 [INFO] tracker: Tracker background loop started (every 300s)
2026-03-08 21:35:40 [INFO] bot_commands: Telegram command listener started
2026-03-08 21:35:40 [INFO] main: Tracker + command listener started
2026-03-08 21:35:40 [INFO] scanner: Scanner loop started  (interval 900s, need 16 candles/symbol, cooldown 12.0h)
2026-03-08 21:35:42 [INFO] binance_client: Loaded 544 USDT perpetual symbols from exchange info
2026-03-08 21:35:44 [INFO] market_cap: Refreshing market-cap cache from CoinGecko …
2026-03-08 21:38:13 [INFO] main: Received signal 15 — shutting down …
2026-03-08 21:38:16 [INFO] main: ============================================================
2026-03-08 21:38:16 [INFO] main:   Binance Futures Volume Scanner  —  starting
2026-03-08 21:38:16 [INFO] main: ============================================================
2026-03-08 21:38:16 [INFO] main: Health check server started on port 8080
2026-03-08 21:38:16 [INFO] binance_client: Proxy configured: http://ombqfuwr:k6mr1wnkkbcs@194.39.32.164:6461
2026-03-08 21:38:17 [INFO] notifier: Telegram bot validated: @BinanceCoinsVolumeScanner_Bot
2026-03-08 21:38:17 [INFO] tracker: Tracker initialised  (max_age=168h, update=300s, TP targets=[5, 10, 15, 20], reversal=True)
2026-03-08 21:38:17 [INFO] tracker: Tracker background loop started (every 300s)
2026-03-08 21:38:17 [INFO] bot_commands: Telegram command listener started
2026-03-08 21:38:17 [INFO] main: Tracker + command listener started
2026-03-08 21:38:17 [INFO] scanner: Scanner loop started  (interval 900s, need 21 candles/symbol, cooldown 12.0h)
2026-03-08 21:38:19 [INFO] binance_client: Loaded 544 USDT perpetual symbols from exchange info
2026-03-08 21:38:20 [INFO] market_cap: Refreshing market-cap cache from CoinGecko …
2026-03-08 21:38:20 [WARNING] market_cap: CoinGecko 429 on page 1 — waiting 90s (attempt 1/3)
2026-03-08 21:42:08 [INFO] main: Received signal 15 — shutting down …
2026-03-08 21:42:11 [INFO] main: ============================================================
2026-03-08 21:42:11 [INFO] main:   Binance Futures Volume Scanner  —  starting
2026-03-08 21:42:11 [INFO] main: ============================================================
2026-03-08 21:42:11 [INFO] main: Health check server started on port 8080
2026-03-08 21:42:11 [INFO] binance_client: Proxy configured: http://ombqfuwr:k6mr1wnkkbcs@194.39.32.164:6461
2026-03-08 21:42:12 [INFO] notifier: Telegram bot validated: @BinanceCoinsVolumeScanner_Bot
2026-03-08 21:42:12 [INFO] tracker: Tracker initialised  (max_age=168h, update=300s, TP targets=[5, 10, 15, 20], reversal=True)
2026-03-08 21:42:12 [INFO] tracker: Tracker background loop started (every 300s)
2026-03-08 21:42:12 [INFO] bot_commands: Telegram command listener started
2026-03-08 21:42:12 [INFO] main: Tracker + command listener started
2026-03-08 21:42:12 [INFO] scanner: Scanner loop started  (interval 900s, need 21 candles/symbol, cooldown 12.0h)
2026-03-08 21:42:14 [INFO] binance_client: Loaded 544 USDT perpetual symbols from exchange info
2026-03-08 21:42:15 [INFO] market_cap: Refreshing market-cap cache from CoinGecko …
2026-03-08 21:43:57 [WARNING] market_cap: CoinGecko 429 on page 6 — waiting 120s (attempt 1/3)
2026-03-08 21:47:59 [INFO] market_cap: Market-cap cache updated: 2823 coins loaded (12 pages in ~240s)
2026-03-08 21:47:59 [INFO] scanner: Targets: 503 / 544  (mcap ≤ $1000M, 2 excluded, 0 on cooldown)
2026-03-08 21:52:09 [INFO] scanner: STABLEUSDT  volume spike 7.82x (RVOL)  24h chg: -4.8%
2026-03-08 21:52:33 [INFO] scanner: Cycle finished in 620.7s
2026-03-08 21:53:13 [INFO] main: Received signal 15 — shutting down …
2026-03-08 21:53:14 [INFO] main: Shutdown complete.
2026-03-08 21:53:14 [INFO] main: ============================================================
2026-03-08 21:53:14 [INFO] main:   Binance Futures Volume Scanner  —  starting
2026-03-08 21:53:14 [INFO] main: ============================================================
2026-03-08 21:53:14 [INFO] main: Health check server started on port 8080
2026-03-08 21:53:14 [INFO] binance_client: Proxy configured: http://ombqfuwr:k6mr1wnkkbcs@194.39.32.164:6461
2026-03-08 21:53:15 [INFO] notifier: Telegram bot validated: @BinanceCoinsVolumeScanner_Bot
2026-03-08 21:53:15 [INFO] tracker: Tracker initialised  (max_age=168h, update=300s, TP targets=[5, 10, 15, 20], reversal=True)
2026-03-08 21:53:15 [INFO] tracker: Tracker background loop started (every 300s)
2026-03-08 21:53:15 [INFO] bot_commands: Telegram command listener started
2026-03-08 21:53:15 [INFO] main: Tracker + command listener started
2026-03-08 21:53:15 [INFO] scanner: Scanner loop started  (interval 900s, need 21 candles/symbol, cooldown 12.0h)
2026-03-08 21:53:17 [INFO] binance_client: Loaded 544 USDT perpetual symbols from exchange info
2026-03-08 21:53:18 [INFO] market_cap: Refreshing market-cap cache from CoinGecko …
2026-03-08 21:57:02 [INFO] market_cap: Market-cap cache updated: 2823 coins loaded (12 pages in ~240s)
2026-03-08 21:57:02 [INFO] scanner: Targets: 503 / 544  (mcap ≤ $1000M, 2 excluded, 0 on cooldown)
2026-03-08 21:57:02 [INFO] scanner: Scanning [1/503] DASHUSDT
2026-03-08 21:57:02 [INFO] scanner: Scanning [2/503] XTZUSDT
2026-03-08 21:57:03 [INFO] scanner: Scanning [3/503] ATOMUSDT
2026-03-08 21:57:04 [INFO] scanner: Scanning [4/503] ONTUSDT
2026-03-08 21:57:04 [INFO] scanner: Scanning [5/503] IOTAUSDT
2026-03-08 21:57:05 [INFO] scanner: Scanning [6/503] BATUSDT
2026-03-08 21:57:05 [INFO] scanner: Scanning [7/503] VETUSDT
2026-03-08 21:57:06 [INFO] scanner: Scanning [8/503] NEOUSDT
2026-03-08 21:57:06 [INFO] scanner: Scanning [9/503] QTUMUSDT
2026-03-08 21:57:07 [INFO] scanner: Scanning [10/503] IOSTUSDT
2026-03-08 21:57:07 [INFO] scanner: Scanning [11/503] THETAUSDT
2026-03-08 21:57:08 [INFO] scanner: Scanning [12/503] ALGOUSDT
2026-03-08 21:57:08 [INFO] scanner: Scanning [13/503] ZILUSDT
2026-03-08 21:57:09 [INFO] scanner: Scanning [14/503] KNCUSDT
2026-03-08 21:57:10 [INFO] scanner: Scanning [15/503] ZRXUSDT
2026-03-08 21:57:10 [INFO] scanner: Scanning [16/503] COMPUSDT
2026-03-08 21:57:11 [INFO] scanner: Scanning [17/503] KAVAUSDT
2026-03-08 21:57:11 [INFO] scanner: Scanning [18/503] BANDUSDT
2026-03-08 21:57:12 [INFO] scanner: Scanning [19/503] RLCUSDT
2026-03-08 21:57:12 [INFO] scanner: Scanning [20/503] SNXUSDT
2026-03-08 21:57:13 [INFO] scanner: Scanning [21/503] YFIUSDT
2026-03-08 21:57:13 [INFO] scanner: Scanning [22/503] CRVUSDT
2026-03-08 21:57:14 [INFO] scanner: Scanning [23/503] TRBUSDT
2026-03-08 21:57:14 [INFO] scanner: Scanning [24/503] RUNEUSDT
2026-03-08 21:57:15 [INFO] scanner: Scanning [25/503] SUSHIUSDT
2026-03-08 21:57:15 [INFO] scanner: Scanning [26/503] EGLDUSDT
2026-03-08 21:57:16 [INFO] scanner: Scanning [27/503] ICXUSDT
2026-03-08 21:57:17 [INFO] scanner: Scanning [28/503] STORJUSDT
2026-03-08 21:57:17 [INFO] scanner: Scanning [29/503] ENJUSDT
2026-03-08 21:57:18 [INFO] scanner: Scanning [30/503] KSMUSDT
2026-03-08 21:57:18 [INFO] scanner: Scanning [31/503] FILUSDT
2026-03-08 21:57:19 [INFO] scanner: Scanning [32/503] RSRUSDT
2026-03-08 21:57:19 [INFO] scanner: Scanning [33/503] LRCUSDT
2026-03-08 21:57:20 [INFO] scanner: Scanning [34/503] BELUSDT
2026-03-08 21:57:20 [INFO] scanner: Scanning [35/503] AXSUSDT
2026-03-08 21:57:21 [INFO] scanner: Scanning [36/503] ZENUSDT
2026-03-08 21:57:21 [INFO] scanner: Scanning [37/503] SKLUSDT
2026-03-08 21:57:22 [INFO] scanner: Scanning [38/503] GRTUSDT
2026-03-08 21:57:22 [INFO] scanner: Scanning [39/503] 1INCHUSDT
2026-03-08 21:57:23 [INFO] scanner: Scanning [40/503] CHZUSDT
2026-03-08 21:57:24 [INFO] scanner: Scanning [41/503] SANDUSDT
2026-03-08 21:57:24 [INFO] scanner: Scanning [42/503] ANKRUSDT
2026-03-08 21:57:25 [INFO] scanner: Scanning [43/503] RVNUSDT
2026-03-08 21:57:25 [INFO] scanner: Scanning [44/503] SFPUSDT
2026-03-08 21:57:26 [INFO] scanner: Scanning [45/503] COTIUSDT
2026-03-08 21:57:26 [INFO] scanner: Scanning [46/503] CHRUSDT
2026-03-08 21:57:27 [INFO] scanner: Scanning [47/503] MANAUSDT
2026-03-08 21:57:27 [INFO] scanner: Scanning [48/503] ALICEUSDT
2026-03-08 21:57:28 [INFO] scanner: Scanning [49/503] ONEUSDT
2026-03-08 21:57:28 [INFO] scanner: Scanning [50/503] DENTUSDT
2026-03-08 21:57:29 [INFO] scanner: Scanning [51/503] CELRUSDT
2026-03-08 21:57:30 [INFO] scanner: Scanning [52/503] HOTUSDT
2026-03-08 21:57:30 [INFO] scanner: Scanning [53/503] MTLUSDT
2026-03-08 21:57:31 [INFO] scanner: Scanning [54/503] OGNUSDT
2026-03-08 21:57:31 [INFO] scanner: Scanning [55/503] GTCUSDT
2026-03-08 21:57:32 [INFO] scanner: Scanning [56/503] IOTXUSDT
2026-03-08 21:57:32 [INFO] scanner: Scanning [57/503] C98USDT
2026-03-08 21:57:33 [INFO] scanner: Scanning [58/503] MASKUSDT
2026-03-08 21:57:33 [INFO] scanner: Scanning [59/503] ATAUSDT
2026-03-08 21:57:34 [INFO] scanner: Scanning [60/503] DYDXUSDT
2026-03-08 21:57:34 [INFO] scanner: Scanning [61/503] 1000XECUSDT
2026-03-08 21:57:35 [INFO] scanner: Scanning [62/503] GALAUSDT
2026-03-08 21:57:35 [INFO] scanner: Scanning [63/503] CELOUSDT
2026-03-08 21:57:36 [INFO] scanner: Scanning [64/503] ARUSDT
2026-03-08 21:57:37 [INFO] scanner: Scanning [65/503] ARPAUSDT
2026-03-08 21:57:37 [INFO] scanner: Scanning [66/503] CTSIUSDT
2026-03-08 21:57:38 [INFO] scanner: Scanning [67/503] LPTUSDT
2026-03-08 21:57:38 [INFO] scanner: Scanning [68/503] ENSUSDT
2026-03-08 21:57:39 [INFO] scanner: Scanning [69/503] PEOPLEUSDT
2026-03-08 21:57:39 [INFO] scanner: Scanning [70/503] ROSEUSDT
2026-03-08 21:57:40 [INFO] scanner: Scanning [71/503] DUSKUSDT
2026-03-08 21:57:40 [INFO] scanner: Scanning [72/503] FLOWUSDT
2026-03-08 21:57:41 [INFO] scanner: Scanning [73/503] IMXUSDT
2026-03-08 21:57:41 [INFO] scanner: Scanning [74/503] API3USDT
2026-03-08 21:57:42 [INFO] scanner: Scanning [75/503] GMTUSDT
2026-03-08 21:57:43 [INFO] scanner: Scanning [76/503] APEUSDT
2026-03-08 21:57:43 [INFO] scanner: Scanning [77/503] WOOUSDT
2026-03-08 21:57:44 [INFO] scanner: Scanning [78/503] JASMYUSDT
2026-03-08 21:57:44 [INFO] scanner: Scanning [79/503] OPUSDT
2026-03-08 21:57:45 [INFO] scanner: Scanning [80/503] INJUSDT
2026-03-08 21:57:45 [INFO] scanner: Scanning [81/503] STGUSDT
2026-03-08 21:57:46 [INFO] scanner: Scanning [82/503] SPELLUSDT
2026-03-08 21:57:46 [INFO] scanner: Scanning [83/503] 1000LUNCUSDT
2026-03-08 21:57:47 [INFO] scanner: Scanning [84/503] LUNA2USDT
2026-03-08 21:57:47 [INFO] scanner: Scanning [85/503] LDOUSDT
2026-03-08 21:57:48 [INFO] scanner: Scanning [86/503] APTUSDT
2026-03-08 21:57:48 [INFO] scanner: Scanning [87/503] QNTUSDT
2026-03-08 21:57:49 [INFO] scanner: Scanning [88/503] FETUSDT
2026-03-08 21:57:50 [INFO] scanner: Scanning [89/503] HOOKUSDT
2026-03-08 21:57:50 [INFO] scanner: Scanning [90/503] MAGICUSDT
2026-03-08 21:57:51 [INFO] scanner: Scanning [91/503] TUSDT
2026-03-08 21:57:51 [INFO] scanner: Scanning [92/503] HIGHUSDT
2026-03-08 21:57:52 [INFO] scanner: Scanning [93/503] MINAUSDT
2026-03-08 21:57:52 [INFO] scanner: Scanning [94/503] ASTRUSDT
2026-03-08 21:57:53 [INFO] scanner: Scanning [95/503] PHBUSDT
2026-03-08 21:57:53 [INFO] scanner: Scanning [96/503] GMXUSDT
2026-03-08 21:57:54 [INFO] scanner: Scanning [97/503] CFXUSDT
2026-03-08 21:57:54 [INFO] scanner: Scanning [98/503] STXUSDT
2026-03-08 21:57:55 [INFO] scanner: Scanning [99/503] ACHUSDT
2026-03-08 21:57:55 [INFO] scanner: Scanning [100/503] SSVUSDT
2026-03-08 21:57:56 [INFO] scanner: Scanning [101/503] CKBUSDT
2026-03-08 21:57:57 [INFO] scanner: Scanning [102/503] TRUUSDT
2026-03-08 21:57:57 [INFO] scanner: Scanning [103/503] LQTYUSDT
2026-03-08 21:57:58 [INFO] scanner: Scanning [104/503] IDUSDT
2026-03-08 21:57:58 [INFO] scanner: Scanning [105/503] ARBUSDT
2026-03-08 21:57:59 [INFO] scanner: Scanning [106/503] JOEUSDT
2026-03-08 21:58:00 [INFO] scanner: Scanning [107/503] TLMUSDT
2026-03-08 21:58:01 [INFO] scanner: Scanning [108/503] RDNTUSDT
2026-03-08 21:58:01 [INFO] scanner: Scanning [109/503] HFTUSDT
2026-03-08 21:58:02 [INFO] scanner: Scanning [110/503] XVSUSDT
2026-03-08 21:58:02 [INFO] scanner: Scanning [111/503] BLURUSDT
2026-03-08 21:58:03 [INFO] scanner: Scanning [112/503] EDUUSDT
2026-03-08 21:58:03 [INFO] scanner: Scanning [113/503] 1000FLOKIUSDT
2026-03-08 21:58:04 [INFO] scanner: Scanning [114/503] UMAUSDT
2026-03-08 21:58:04 [INFO] scanner: Scanning [115/503] NMRUSDT
2026-03-08 21:58:05 [INFO] scanner: Scanning [116/503] MAVUSDT
2026-03-08 21:58:06 [INFO] scanner: Scanning [117/503] XVGUSDT
2026-03-08 21:58:07 [INFO] scanner: Scanning [118/503] PENDLEUSDT
2026-03-08 21:58:07 [INFO] scanner: Scanning [119/503] ARKMUSDT
2026-03-08 21:58:08 [INFO] scanner: Scanning [120/503] AGLDUSDT
2026-03-08 21:58:08 [INFO] scanner: Scanning [121/503] YGGUSDT
2026-03-08 21:58:09 [INFO] scanner: Scanning [122/503] DODOXUSDT
2026-03-08 21:58:09 [INFO] scanner: Scanning [123/503] BNTUSDT
2026-03-08 21:58:10 [INFO] scanner: Scanning [124/503] OXTUSDT
2026-03-08 21:58:10 [INFO] scanner: Scanning [125/503] SEIUSDT
2026-03-08 21:58:11 [INFO] scanner: Scanning [126/503] CYBERUSDT
2026-03-08 21:58:11 [INFO] scanner: Scanning [127/503] ARKUSDT
2026-03-08 21:58:12 [INFO] scanner: Scanning [128/503] BICOUSDT
2026-03-08 21:58:12 [INFO] scanner: Scanning [129/503] BIGTIMEUSDT
2026-03-08 21:58:13 [INFO] scanner: Scanning [130/503] WAXPUSDT
2026-03-08 21:58:14 [INFO] scanner: Scanning [131/503] BSVUSDT
2026-03-08 21:58:14 [INFO] scanner: Scanning [132/503] RIFUSDT
2026-03-08 21:58:15 [INFO] scanner: Scanning [133/503] POLYXUSDT
2026-03-08 21:58:15 [INFO] scanner: Scanning [134/503] GASUSDT
2026-03-08 21:58:16 [INFO] scanner: Scanning [135/503] POWRUSDT
2026-03-08 21:58:16 [INFO] scanner: Scanning [136/503] TIAUSDT
2026-03-08 21:58:17 [INFO] scanner: Scanning [137/503] CAKEUSDT
2026-03-08 21:58:17 [INFO] scanner: Scanning [138/503] MEMEUSDT
2026-03-08 21:58:18 [INFO] scanner: Scanning [139/503] TWTUSDT
2026-03-08 21:58:18 [INFO] scanner: Scanning [140/503] ORDIUSDT
2026-03-08 21:58:19 [INFO] scanner: Scanning [141/503] STEEMUSDT
2026-03-08 21:58:19 [INFO] scanner: Scanning [142/503] ILVUSDT
2026-03-08 21:58:20 [INFO] scanner: Scanning [143/503] NTRNUSDT
2026-03-08 21:58:21 [INFO] scanner: Scanning [144/503] KASUSDT
2026-03-08 21:58:21 [INFO] scanner: Scanning [145/503] BEAMXUSDT
2026-03-08 21:58:22 [INFO] scanner: Scanning [146/503] 1000BONKUSDT
2026-03-08 21:58:22 [INFO] scanner: Scanning [147/503] PYTHUSDT
2026-03-08 21:58:23 [INFO] scanner: Scanning [148/503] SUPERUSDT
2026-03-08 21:58:23 [INFO] scanner: Scanning [149/503] USTCUSDT
2026-03-08 21:58:24 [INFO] scanner: Scanning [150/503] ONGUSDT
2026-03-08 21:58:24 [INFO] scanner: Scanning [151/503] ETHWUSDT
2026-03-08 21:58:25 [INFO] scanner: Scanning [152/503] JTOUSDT
2026-03-08 21:58:26 [INFO] scanner: Scanning [153/503] 1000SATSUSDT
2026-03-08 21:58:26 [INFO] scanner: Scanning [154/503] AUCTIONUSDT
2026-03-08 21:58:27 [INFO] scanner: Scanning [155/503] 1000RATSUSDT
2026-03-08 21:58:27 [INFO] scanner: Scanning [156/503] ACEUSDT
2026-03-08 21:58:28 [INFO] scanner: Scanning [157/503] MOVRUSDT
2026-03-08 21:58:28 [INFO] scanner: Scanning [158/503] NFPUSDT
2026-03-08 21:58:29 [INFO] scanner: Scanning [159/503] AIUSDT
2026-03-08 21:58:29 [INFO] scanner: Scanning [160/503] XAIUSDT
2026-03-08 21:58:30 [INFO] scanner: Scanning [161/503] WIFUSDT
2026-03-08 21:58:31 [INFO] scanner: Scanning [162/503] MANTAUSDT
2026-03-08 21:58:31 [INFO] scanner: Scanning [163/503] LSKUSDT
2026-03-08 21:58:32 [INFO] scanner: Scanning [164/503] ALTUSDT
2026-03-08 21:58:32 [INFO] scanner: Scanning [165/503] JUPUSDT
2026-03-08 21:58:33 [INFO] scanner: Scanning [166/503] ZETAUSDT
2026-03-08 21:58:33 [INFO] scanner: Scanning [167/503] RONINUSDT
